[Message:   BepInEx] BepInEx 5.4.23.5 - valheim (9/9/2026 8:10:16 PM)
[Message:   BepInEx] User is running BepInExPack Valheim version 5.4.2350 from Thunderstore
[Info   :   BepInEx] Running under Unity v6000.0.75.2503836
[Info   :   BepInEx] CLR runtime version: 4.0.30319.42000
[Info   :   BepInEx] Supports SRE: True
[Info   :   BepInEx] System platform: Bits64, Windows
[Message:   BepInEx] Preloader started
[Info   :   BepInEx] Loaded 1 patcher method from [BepInEx.Preloader 5.4.23.5]
[Info   :   BepInEx] 1 patcher plugin loaded
[Info   :   BepInEx] Patching [UnityEngine.CoreModule] with [BepInEx.Chainloader]
[Message:   BepInEx] Preloader finished
[Message:   BepInEx] Chainloader ready
[Message:   BepInEx] Chainloader started
[Info   :   BepInEx] 0 plugins to load
[Message:   BepInEx] Chainloader startup complete
[Info   : Unity Log] 09/10/2026 13:32:00: Using environment steamid 892970

[Info   : Unity Log] 09/10/2026 13:32:00: Using steam APPID:892970

[Info   : Unity Log] 09/10/2026 13:32:00: Authentication:k_ESteamNetworkingAvailability_Attempting

[Info   : Unity Log] 09/10/2026 13:32:00: 2026-09-10 13:32:00:887: Using environment steamid 892970

[Info   : Unity Log] 09/10/2026 13:32:00: Platform doesn't implement Process Lifetime Management! Don't initialize suspend manager.

[Info   : Unity Log] 09/10/2026 13:32:00: Initialized platform!

[Info   : Unity Log] 09/10/2026 13:32:00: Platform doesn't implement matchmaking! Don't initialize matchmaking manager.

[Info   : Unity Log] 09/10/2026 13:32:00: Initializing PrivilegeManager.

[Info   : Unity Log] 09/10/2026 13:32:00: All files in local storage save data:
C:/Users/MSII/AppData/LocalLow/IronGate/Valheim\adminlist.txt (40)
C:/Users/MSII/AppData/LocalLow/IronGate/Valheim\bannedlist.txt (41)
C:/Users/MSII/AppData/LocalLow/IronGate/Valheim\permittedlist.txt (43)
C:/Users/MSII/AppData/LocalLow/IronGate/Valheim\Player-prev.log (403305)
C:/Users/MSII/AppData/LocalLow/IronGate/Valheim\Player.log (2776)

[Info   : Unity Log] 09/10/2026 13:32:00: All files in platform save data:
characters/dxdiagg.fch.old (129914)
characters/dxdiagg_backup_20240305-125857.fch (54415)
characters/dxdiagg_backup_20240828-233957.fch (65889)
characters/dxdiagg_backup_20241029-201311.fch (74348)
serverlist/favorite (12)
serverlist/favorite.old (12)
serverlist/recent (231)
serverlist/recent.old (231)
worlds/Buatbulakbalik_backup_auto-20241103220125.fwl (55)
worlds/General.db (1427273)
worlds/General.fwl (48)
worlds/General.fwl.old (43)
worlds/GeneralWorld.fwl.old (48)
worlds/GeneralWorld_backup_auto-20230227194005.fwl (48)
worlds/General_backup_20241101-210223.db (3311371)
worlds/General_backup_20241101-210223.fwl (43)
worlds/General_backup_auto-20230226225554.fwl (43)
worlds/General_backup_auto-20230227131650.db (2535766)
worlds/General_backup_auto-20230227131650.fwl (43)
worlds/General_backup_auto-20230323053850.db (3252973)
worlds/General_backup_auto-20230323053850.fwl (43)
worlds/TestWorld.fwl.old (45)
worlds/TestWorld_backup_auto-20230226055804.fwl (45)
worlds/World1.db (1569644)
worlds/World1.fwl (47)
worlds/World1_backup_20241101-204953.db (1532377)
worlds/World1_backup_20241101-204953.fwl (47)
worlds/World1_backup_auto-20240305124620.fwl (47)
worlds/World1_backup_auto-20240306074437.db (1532377)
worlds/World1_backup_auto-20240306074437.fwl (47)
worlds/Buatbulakbalik_backup_20260613-223912.fwl (55)
worlds/Buatbulakbalik_backup_20260613-223912.db (1173856)
worlds/Buatbulakbalik_backup_auto-20260613223911.fwl (55)
worlds/Buatbulakbalik_backup_auto-20260613223911.db (1177071)
worlds/Buatbulakbalik_backup_auto-20260616223031.fwl (55)
worlds/Buatbulakbalik_backup_auto-20260616223031.db (1177491)
worlds/Buatbulakbalik_backup_20260909-220512.fwl (55)
worlds/Buatbulakbalik_backup_20260909-220512.db (1235403)
worlds/Buatbulakbalik/00_01__0_1.chunk (6)
worlds/Buatbulakbalik/1e_1e__1_3.chunk (167684)
worlds/Buatbulakbalik/1e_20__1_3.chunk (122932)
worlds/Buatbulakbalik/20_1e__1_3.chunk (192847)
worlds/Buatbulakbalik/20_20__1_3.chunk (146349)
worlds/Buatbulakbalik/_main.3.chunks (65)
worlds/Buatbulakbalik/_main.3.db2 (145477)
worlds/Buatbulakbalik/_main.3.fwl2 (116)
worlds/Buatbulakbalik/_main.3.ok (4)

[Info   : Unity Log] 09/10/2026 13:32:00: Initializing preferences provider...

[Info   : Unity Log] 09/10/2026 13:32:00: No preference provider available for this platform!

[Info   : Unity Log] 09/10/2026 13:32:00: Set background loading budget to Low

[Info   : Unity Log] 09/10/2026 13:32:00: Loading first scene!

[Info   : Unity Log] 09/10/2026 13:32:00: Fast load set to True

[Info   : Unity Log] 09/10/2026 13:32:00: Fast load counter set to 1

[Info   : Unity Log] 09/10/2026 13:32:00: Preferences initialized! Activating first scene!

[Info   : Unity Log] 09/10/2026 13:32:01: Loading: Starting to load scene: start.unity (169d7618616154c03be07e9ad3af5893)

[Info   : Unity Log] 09/10/2026 13:32:01: Fast load counter set to 2

[Info   : Unity Log] 09/10/2026 13:32:01: Set background loading budget to Normal

[Info   : Unity Log] 09/10/2026 13:32:01: Loaded localization file #0 - 'localization' language: 'English'

[Info   : Unity Log] 09/10/2026 13:32:01: Loaded localization file #1 - 'localization_extra' language: 'English'

[Info   : Unity Log] 09/10/2026 13:32:01: Loaded localization file #2 - 'heightmap_message' language: 'English'

[Info   : Unity Log] 09/10/2026 13:32:01: Loaded localization file #3 - 'localization_witch' language: 'English'

[Info   : Unity Log] 09/10/2026 13:32:01: Loaded localization file #4 - 'localization_ashlands' language: 'English'

[Info   : Unity Log] 09/10/2026 13:32:01: Loaded localization file #5 - 'localization_deepnorth' language: 'English'

[Info   : Unity Log] 09/10/2026 13:32:01: Loaded localization file #6 - 'localization_captions' language: 'English'

[Info   : Unity Log] 09/10/2026 13:32:01: Loaded localization file #7 - 'localization_warriortitles' language: 'English'

[Info   : Unity Log] 09/10/2026 13:32:01: Loaded localization file #8 - 'localization_combatupdate' language: 'English'

[Info   : Unity Log] 09/10/2026 13:32:01: Loaded localization file #9 - 'localization_ps' language: 'English'

[Info   : Unity Log] 09/10/2026 13:32:01: Loaded localization file #10 - 'localization_celebrationupdate' language: 'English'

[Info   : Unity Log] 09/10/2026 13:32:01: Loaded localization file #11 - 'localization_xbox' language: 'English'

[Info   : Unity Log] 09/10/2026 13:32:01: Loaded localization file #12 - 'localization_switch' language: 'English'

[Info   : Unity Log] 09/10/2026 13:32:01: Loaded localization file #0 - 'localization' language: 'English'

[Info   : Unity Log] 09/10/2026 13:32:01: Loaded localization file #1 - 'localization_extra' language: 'English'

[Info   : Unity Log] 09/10/2026 13:32:01: Loaded localization file #2 - 'heightmap_message' language: 'English'

[Info   : Unity Log] 09/10/2026 13:32:01: Loaded localization file #3 - 'localization_witch' language: 'English'

[Info   : Unity Log] 09/10/2026 13:32:01: Loaded localization file #4 - 'localization_ashlands' language: 'English'

[Info   : Unity Log] 09/10/2026 13:32:01: Loaded localization file #5 - 'localization_deepnorth' language: 'English'

[Info   : Unity Log] 09/10/2026 13:32:01: Loaded localization file #6 - 'localization_captions' language: 'English'

[Info   : Unity Log] 09/10/2026 13:32:01: Loaded localization file #7 - 'localization_warriortitles' language: 'English'

[Info   : Unity Log] 09/10/2026 13:32:01: Loaded localization file #8 - 'localization_combatupdate' language: 'English'

[Info   : Unity Log] 09/10/2026 13:32:01: Loaded localization file #9 - 'localization_ps' language: 'English'

[Info   : Unity Log] 09/10/2026 13:32:01: Loaded localization file #10 - 'localization_celebrationupdate' language: 'English'

[Info   : Unity Log] 09/10/2026 13:32:01: Loaded localization file #11 - 'localization_xbox' language: 'English'

[Info   : Unity Log] 09/10/2026 13:32:01: Loaded localization file #12 - 'localization_switch' language: 'English'

[Info   : Unity Log] 09/10/2026 13:32:01: Fast load counter set to 1

[Info   : Unity Log] 09/10/2026 13:32:05: Set background loading budget to High

[Info   : Unity Log] 09/10/2026 13:32:05: GPU Device: 10DE:25A2 (NVIDIA)

[Info   : Unity Log] 09/10/2026 13:32:11: Loading: Done, Total time: -9.6620509

[Info   : Unity Log] 09/10/2026 13:32:11: Set background loading budget to Low

[Warning: Unity Log] Only custom filters can be played. Please add a custom filter or an audioclip to the audiosource (Amb_MainMenu).
[Warning: Unity Log] 09/10/2026 13:32:11: Missing audio clip in music respawn

[Info   : Unity Log] 09/10/2026 13:32:11: Steam initialized, persona:DxDiaGG

[Info   : Unity Log] 09/10/2026 13:32:11: Valheim version: 1.0.7 (network version 39)

[Info   : Unity Log] 09/10/2026 13:32:11: Worldgenerator version setup:2

[Info   : Unity Log] 09/10/2026 13:32:11: Render threading mode:LegacyJobified

[Info   : Unity Log] 09/10/2026 13:32:11: Checking for installed DLCs

[Info   : Unity Log] 09/10/2026 13:32:11: DLC:beta installed:False

[Info   : Unity Log] 09/10/2026 13:32:11: SaveSystem.Reload for Character is done [22ms]

[Info   : Unity Log] 09/10/2026 13:32:11: SaveSystem.Reload for World is done [120ms]

[Info   : Unity Log] 09/10/2026 13:32:12: Playing cinematic: $cinematics_intro

[Info   : Unity Log] 09/10/2026 13:32:12: Sending PlayFab login request (attempt 1)

[Info   : Unity Log] 09/10/2026 13:32:12: Session auth respons callback

[Info   : Unity Log] 09/10/2026 13:32:12: Fast load set to False

[Info   : Unity Log] 09/10/2026 13:32:12: Fast load counter set to 0

[Info   : Unity Log] 09/10/2026 13:32:13: Logged in PlayFab user via Steam auth session ticket

[Info   : Unity Log] 09/10/2026 13:32:13: PlayFab local entity ID is E61C9E801C1AEA4F

[Info   : Unity Log] 09/10/2026 13:32:13: Released session ticket

[Info   : Unity Log] 09/10/2026 13:32:18: Starting music menu

[Info   : Unity Log] 09/10/2026 13:32:21: Stopping build thread

[Info   : Unity Log] 09/10/2026 13:32:21: Steam manager on destroy

